[com.americanexpress.unify.flowret.Rts             ] INFO : Case id -> 1, successfully created case
[com.americanexpress.unify.flowret.Rts             ] INFO : Case id -> 1, raising event -> ON_PROCESS_START, comp name -> , work basket ->
Received event -> ON_PROCESS_START, isPendAtSameStep -> false
[com.americanexpress.unify.flowret.ExecThreadTask  ] INFO : Case id -> 1, executing step -> start, component -> start_comp, execution path -> .
[com.americanexpress.unify.flowret.ExecThreadTask  ] INFO : Case id -> 1, executing step -> step2, component -> comp2, execution path -> .
[com.americanexpress.unify.flowret.ExecThreadTask  ] INFO : Case id -> 1, executing step -> step3, component -> comp3, execution path -> .
[com.americanexpress.unify.flowret.ExecThreadTask  ] INFO : Case id -> 1, pending at step -> step3, component -> comp3, execution path -> .
[com.americanexpress.unify.flowret.Rts             ] INFO : Case id -> 1, raising event -> ON_PROCESS_PEND, comp name -> comp3, work basket -> comp3_wb
Received event -> ON_PROCESS_PEND, isPendAtSameStep -> false
Pend workbasket -> comp3_wb

[com.americanexpress.unify.flowret.Rts             ] INFO : Case id -> 1, raising event -> ON_PROCESS_RESUME, comp name -> comp3, work basket -> comp3_wb
Received event -> ON_PROCESS_RESUME, isPendAtSameStep -> true
[com.americanexpress.unify.flowret.ExecThreadTask  ] INFO : Case id -> 1, executing step -> step4, component -> comp4, execution path -> .
[com.americanexpress.unify.flowret.ExecThreadTask  ] INFO : Case id -> 1, executing singular routing rule -> route1, execution path -> .
[com.americanexpress.unify.flowret.ExecThreadTask  ] INFO : Case id -> 1, executing step -> step6, component -> comp6, execution path -> .
[com.americanexpress.unify.flowret.ExecThreadTask  ] INFO : Case id -> 1, executing step -> step7, component -> comp7, execution path -> .
[com.americanexpress.unify.flowret.ExecThreadTask  ] INFO : Case id -> 1, executing singular routing rule -> route2, execution path -> .
[com.americanexpress.unify.flowret.ExecThreadTask  ] INFO : Case id -> 1, executing step -> step8, component -> comp8, execution path -> .
[com.americanexpress.unify.flowret.ExecThreadTask  ] INFO : Case id -> 1, executing step -> step9, component -> comp9, execution path -> .
[com.americanexpress.unify.flowret.ExecThreadTask  ] INFO : Case id -> 1, executing step -> step10, component -> comp10, execution path -> .
[com.americanexpress.unify.flowret.ExecThreadTask  ] INFO : Case id -> 1, executing step -> step11, component -> comp11, execution path -> .
[com.americanexpress.unify.flowret.ExecThreadTask  ] INFO : Case id -> 1, pending at step -> step11, component -> comp11, execution path -> .
[com.americanexpress.unify.flowret.Rts             ] INFO : Case id -> 1, raising event -> ON_PROCESS_PEND, comp name -> comp11, work basket -> comp11_wb
Received event -> ON_PROCESS_PEND, isPendAtSameStep -> false
Pend workbasket -> comp11_wb

[com.americanexpress.unify.flowret.Rts             ] INFO : Case id -> 1, raising event -> ON_PROCESS_RESUME, comp name -> comp11, work basket -> comp11_wb
Received event -> ON_PROCESS_RESUME, isPendAtSameStep -> true
[com.americanexpress.unify.flowret.ExecThreadTask  ] INFO : Case id -> 1, executing step -> step12, component -> comp12, execution path -> .
[com.americanexpress.unify.flowret.ExecThreadTask  ] INFO : Case id -> 1, executing step -> step13, component -> comp13, execution path -> .
[com.americanexpress.unify.flowret.ExecThreadTask  ] INFO : Case id -> 1, pending at step -> step13, component -> comp13, execution path -> .
[com.americanexpress.unify.flowret.Rts             ] INFO : Case id -> 1, raising event -> ON_PROCESS_PEND, comp name -> comp13, work basket -> tech
Received event -> ON_PROCESS_PEND, isPendAtSameStep -> false
Pend workbasket -> tech

[com.americanexpress.unify.flowret.Rts             ] INFO : Case id -> 1, raising event -> ON_PROCESS_RESUME, comp name -> comp13, work basket -> tech
Received event -> ON_PROCESS_RESUME, isPendAtSameStep -> true
[com.americanexpress.unify.flowret.ExecThreadTask  ] INFO : Case id -> 1, executing step -> step13, component -> comp13, execution path -> .
[com.americanexpress.unify.flowret.ExecThreadTask  ] INFO : Case id -> 1, pending at step -> step13, component -> comp13, execution path -> .
[com.americanexpress.unify.flowret.Rts             ] INFO : Case id -> 1, raising event -> ON_PROCESS_PEND, comp name -> comp13, work basket -> tech
Received event -> ON_PROCESS_PEND, isPendAtSameStep -> true
Pend workbasket -> tech

[com.americanexpress.unify.flowret.Rts             ] INFO : Case id -> 1, raising event -> ON_PROCESS_RESUME, comp name -> comp13, work basket -> tech
Received event -> ON_PROCESS_RESUME, isPendAtSameStep -> true
[com.americanexpress.unify.flowret.ExecThreadTask  ] INFO : Case id -> 1, executing step -> step13, component -> comp13, execution path -> .
[com.americanexpress.unify.flowret.ExecThreadTask  ] INFO : Case id -> 1, pending at step -> step13, component -> comp13, execution path -> .
[com.americanexpress.unify.flowret.Rts             ] INFO : Case id -> 1, raising event -> ON_PROCESS_PEND, comp name -> comp13, work basket -> tech
Received event -> ON_PROCESS_PEND, isPendAtSameStep -> true
Pend workbasket -> tech

[com.americanexpress.unify.flowret.Rts             ] INFO : Case id -> 1, raising event -> ON_PROCESS_RESUME, comp name -> comp13, work basket -> tech
Received event -> ON_PROCESS_RESUME, isPendAtSameStep -> true
[com.americanexpress.unify.flowret.ExecThreadTask  ] INFO : Case id -> 1, executing step -> step13, component -> comp13, execution path -> .
[com.americanexpress.unify.flowret.ExecThreadTask  ] INFO : Case id -> 1, pending at step -> step13, component -> comp13, execution path -> .
[com.americanexpress.unify.flowret.Rts             ] INFO : Case id -> 1, raising event -> ON_PROCESS_PEND, comp name -> comp13, work basket -> tech
Received event -> ON_PROCESS_PEND, isPendAtSameStep -> true
Pend workbasket -> tech

[com.americanexpress.unify.flowret.Rts             ] INFO : Case id -> 1, raising event -> ON_PROCESS_RESUME, comp name -> comp13, work basket -> tech
Received event -> ON_PROCESS_RESUME, isPendAtSameStep -> true
[com.americanexpress.unify.flowret.ExecThreadTask  ] INFO : Case id -> 1, executing step -> step13, component -> comp13, execution path -> .
[com.americanexpress.unify.flowret.ExecThreadTask  ] INFO : Case id -> 1, pending at step -> step13, component -> comp13, execution path -> .
[com.americanexpress.unify.flowret.Rts             ] INFO : Case id -> 1, raising event -> ON_PROCESS_PEND, comp name -> comp13, work basket -> tech
Received event -> ON_PROCESS_PEND, isPendAtSameStep -> true
Pend workbasket -> tech

[com.americanexpress.unify.flowret.Rts             ] INFO : Case id -> 1, raising event -> ON_PROCESS_RESUME, comp name -> comp13, work basket -> tech
Received event -> ON_PROCESS_RESUME, isPendAtSameStep -> true
[com.americanexpress.unify.flowret.ExecThreadTask  ] INFO : Case id -> 1, executing step -> step13, component -> comp13, execution path -> .
[com.americanexpress.unify.flowret.ExecThreadTask  ] INFO : Case id -> 1, executing step -> step14, component -> comp14, execution path -> .
[com.americanexpress.unify.flowret.ExecThreadTask  ] INFO : Case id -> 1, pending at step -> step14, component -> comp14, execution path -> .
[com.americanexpress.unify.flowret.Rts             ] INFO : Case id -> 1, raising event -> ON_PROCESS_PEND, comp name -> comp14, work basket -> comp14_wb
Received event -> ON_PROCESS_PEND, isPendAtSameStep -> false
Pend workbasket -> comp14_wb

[com.americanexpress.unify.flowret.Rts             ] INFO : Case id -> 1, raising event -> ON_PROCESS_RESUME, comp name -> comp14, work basket -> comp14_wb
Received event -> ON_PROCESS_RESUME, isPendAtSameStep -> true
[com.americanexpress.unify.flowret.ExecThreadTask  ] INFO : Case id -> 1, executing step -> step14, component -> comp14, execution path -> .
[com.americanexpress.unify.flowret.ExecThreadTask  ] INFO : Case id -> 1, executing step -> step15, component -> comp15, execution path -> .
[com.americanexpress.unify.flowret.ExecThreadTask  ] INFO : Case id -> 1, executing singular routing rule -> route3, execution path -> .
[com.americanexpress.unify.flowret.ExecThreadTask  ] INFO : Case id -> 1, executing step -> step17, component -> comp17, execution path -> .
[com.americanexpress.unify.flowret.ExecThreadTask  ] INFO : Case id -> 1, executing step -> step18, component -> comp18, execution path -> .
[com.americanexpress.unify.flowret.ExecThreadTask  ] INFO : Case id -> 1, executing step -> step19, component -> comp19, execution path -> .
[com.americanexpress.unify.flowret.ExecThreadTask  ] INFO : Case id -> 1, executing step -> step20, component -> comp20, execution path -> .
[com.americanexpress.unify.flowret.ExecThreadTask  ] INFO : Case id -> 1, executing step -> step21, component -> comp21, execution path -> .
[com.americanexpress.unify.flowret.ExecThreadTask  ] INFO : Case id -> 1, executing singular routing rule -> route4, execution path -> .
[com.americanexpress.unify.flowret.ExecThreadTask  ] INFO : Case id -> 1, executing singular routing rule -> route5, execution path -> .
[com.americanexpress.unify.flowret.ExecThreadTask  ] INFO : Case id -> 1, executing step -> step22, component -> comp22, execution path -> .
[com.americanexpress.unify.flowret.ExecThreadTask  ] INFO : Case id -> 1, executing pause step -> step23_a, execution path -> .
[com.americanexpress.unify.flowret.Rts             ] INFO : Case id -> 1, raising event -> ON_PROCESS_PEND, comp name -> pause, work basket -> flowret_pause
Received event -> ON_PROCESS_PEND, isPendAtSameStep -> false
Pend workbasket -> flowret_pause

[com.americanexpress.unify.flowret.Rts             ] INFO : Case id -> 1, raising event -> ON_PROCESS_RESUME, comp name -> pause, work basket -> flowret_pause
Received event -> ON_PROCESS_RESUME, isPendAtSameStep -> true
[com.americanexpress.unify.flowret.ExecThreadTask  ] INFO : Case id -> 1, executing step -> step23, component -> comp23, execution path -> .
[com.americanexpress.unify.flowret.ExecThreadTask  ] INFO : Case id -> 1, executing singular routing rule -> route6, execution path -> .
[com.americanexpress.unify.flowret.ExecThreadTask  ] INFO : Case id -> 1, executing step -> step24, component -> comp24, execution path -> .
[com.americanexpress.unify.flowret.ExecThreadTask  ] INFO : Case id -> 1, executing step -> step25, component -> comp25, execution path -> .
[com.americanexpress.unify.flowret.ExecThreadTask  ] INFO : Case id -> 1, executing step -> step26, component -> comp26, execution path -> .
[com.americanexpress.unify.flowret.ExecThreadTask  ] INFO : Case id -> 1, executing step -> step27, component -> comp27, execution path -> .
[com.americanexpress.unify.flowret.ExecThreadTask  ] INFO : Case id -> 1, executing step -> step28, component -> comp28, execution path -> .
[com.americanexpress.unify.flowret.ExecThreadTask  ] INFO : Case id -> 1, executing singular routing rule -> route7, execution path -> .
[com.americanexpress.unify.flowret.ExecThreadTask  ] INFO : Case id -> 1, executing step -> step29, component -> comp29, execution path -> .
[com.americanexpress.unify.flowret.ExecThreadTask  ] INFO : Case id -> 1, executing step -> step30, component -> comp30, execution path -> .
[com.americanexpress.unify.flowret.Rts             ] INFO : Case id -> 1, raising event -> ON_PROCESS_COMPLETE, comp name -> , work basket ->
Received event -> ON_PROCESS_COMPLETE, isPendAtSameStep -> false

Exception -> Cannot resume a case that has already completed. Case id -> 1
